.............................................................            [100%]
=============================== warnings summary ===============================
tests/test_phase6_t02_endcap_edge_controls.py::test_head_settings_publish_four_edge_controls_directly_from_registry
tests/test_phase6_t03_piece_dimensions.py::test_real_two_piece_settings_page_shows_per_piece_formed_outer_and_material_dimensions
  /usr/lib/python3.13/tkinter/__init__.py:865: UserWarning: Glyph 36617 (\N{CJK UNIFIED IDEOGRAPH-8F09}) missing from font(s) DejaVu Sans.
    func(*args)

tests/test_phase6_t02_endcap_edge_controls.py::test_head_settings_publish_four_edge_controls_directly_from_registry
tests/test_phase6_t03_piece_dimensions.py::test_real_two_piece_settings_page_shows_per_piece_formed_outer_and_material_dimensions
  /usr/lib/python3.13/tkinter/__init__.py:865: UserWarning: Glyph 20837 (\N{CJK UNIFIED IDEOGRAPH-5165}) missing from font(s) DejaVu Sans.
    func(*args)

tests/test_phase6_t02_endcap_edge_controls.py::test_head_settings_publish_four_edge_controls_directly_from_registry
tests/test_phase6_t03_piece_dimensions.py::test_real_two_piece_settings_page_shows_per_piece_formed_outer_and_material_dimensions
  /usr/lib/python3.13/tkinter/__init__.py:865: UserWarning: Glyph 22833 (\N{CJK UNIFIED IDEOGRAPH-5931}) missing from font(s) DejaVu Sans.
    func(*args)

tests/test_phase6_t02_endcap_edge_controls.py::test_head_settings_publish_four_edge_controls_directly_from_registry
tests/test_phase6_t03_piece_dimensions.py::test_real_two_piece_settings_page_shows_per_piece_formed_outer_and_material_dimensions
  /usr/lib/python3.13/tkinter/__init__.py:865: UserWarning: Glyph 25943 (\N{CJK UNIFIED IDEOGRAPH-6557}) missing from font(s) DejaVu Sans.
    func(*args)

tests/test_phase6_t03_piece_dimensions.py::test_real_two_piece_settings_page_shows_per_piece_formed_outer_and_material_dimensions
tests/test_phase6_t03_piece_dimensions.py::test_real_two_piece_settings_page_shows_per_piece_formed_outer_and_material_dimensions
tests/test_phase6_project_file.py::test_real_designer_load_button_replaces_workspace_from_p6fold
tests/test_phase6_project_file.py::test_real_main_gui_load_restores_workspace_and_opens_saved_part
  /usr/lib/python3.13/tkinter/__init__.py:865: UserWarning: Glyph 25240 (\N{CJK UNIFIED IDEOGRAPH-6298}) missing from font(s) DejaVu Sans.
    func(*args)

tests/test_phase6_t03_piece_dimensions.py::test_real_two_piece_settings_page_shows_per_piece_formed_outer_and_material_dimensions
tests/test_phase6_t03_piece_dimensions.py::test_real_two_piece_settings_page_shows_per_piece_formed_outer_and_material_dimensions
tests/test_phase6_project_file.py::test_real_designer_load_button_replaces_workspace_from_p6fold
tests/test_phase6_project_file.py::test_real_main_gui_load_restores_workspace_and_opens_saved_part
  /usr/lib/python3.13/tkinter/__init__.py:865: UserWarning: Glyph 24460 (\N{CJK UNIFIED IDEOGRAPH-5F8C}) missing from font(s) DejaVu Sans.
    func(*args)

tests/test_phase6_t03_piece_dimensions.py::test_real_two_piece_settings_page_shows_per_piece_formed_outer_and_material_dimensions
tests/test_phase6_t03_piece_dimensions.py::test_real_two_piece_settings_page_shows_per_piece_formed_outer_and_material_dimensions
tests/test_phase6_project_file.py::test_real_designer_load_button_replaces_workspace_from_p6fold
tests/test_phase6_project_file.py::test_real_main_gui_load_restores_workspace_and_opens_saved_part
  /usr/lib/python3.13/tkinter/__init__.py:865: UserWarning: Glyph 21253 (\N{CJK UNIFIED IDEOGRAPH-5305}) missing from font(s) DejaVu Sans.
    func(*args)

tests/test_phase6_t03_piece_dimensions.py::test_real_two_piece_settings_page_shows_per_piece_formed_outer_and_material_dimensions
tests/test_phase6_t03_piece_dimensions.py::test_real_two_piece_settings_page_shows_per_piece_formed_outer_and_material_dimensions
tests/test_phase6_project_file.py::test_real_designer_load_button_replaces_workspace_from_p6fold
tests/test_phase6_project_file.py::test_real_main_gui_load_restores_workspace_and_opens_saved_part
  /usr/lib/python3.13/tkinter/__init__.py:865: UserWarning: Glyph 22806 (\N{CJK UNIFIED IDEOGRAPH-5916}) missing from font(s) DejaVu Sans.
    func(*args)

tests/test_phase6_t03_piece_dimensions.py: 2 warnings
tests/test_phase6_t06_receiving_fresh_family.py: 2 warnings
tests/test_phase6_project_file.py: 10 warnings
  /usr/lib/python3.13/tkinter/__init__.py:865: UserWarning: Glyph 65306 (\N{FULLWIDTH COLON}) missing from font(s) DejaVu Sans.
    func(*args)

tests/test_phase6_t03_piece_dimensions.py::test_real_two_piece_settings_page_shows_per_piece_formed_outer_and_material_dimensions
tests/test_phase6_t03_piece_dimensions.py::test_real_two_piece_settings_page_shows_per_piece_formed_outer_and_material_dimensions
tests/test_phase6_project_file.py::test_real_designer_load_button_replaces_workspace_from_p6fold
tests/test_phase6_project_file.py::test_real_main_gui_load_restores_workspace_and_opens_saved_part
  /usr/lib/python3.13/tkinter/__init__.py:865: UserWarning: Glyph 25130 (\N{CJK UNIFIED IDEOGRAPH-622A}) missing from font(s) DejaVu Sans.
    func(*args)

tests/test_phase6_t03_piece_dimensions.py::test_real_two_piece_settings_page_shows_per_piece_formed_outer_and_material_dimensions
tests/test_phase6_t03_piece_dimensions.py::test_real_two_piece_settings_page_shows_per_piece_formed_outer_and_material_dimensions
tests/test_phase6_project_file.py::test_real_designer_load_button_replaces_workspace_from_p6fold
tests/test_phase6_project_file.py::test_real_main_gui_load_restores_workspace_and_opens_saved_part
  /usr/lib/python3.13/tkinter/__init__.py:865: UserWarning: Glyph 35282 (\N{CJK UNIFIED IDEOGRAPH-89D2}) missing from font(s) DejaVu Sans.
    func(*args)

tests/test_phase6_t03_piece_dimensions.py: 2 warnings
tests/test_phase6_t06_receiving_fresh_family.py: 2 warnings
tests/test_phase6_project_file.py: 10 warnings
  /usr/lib/python3.13/tkinter/__init__.py:865: UserWarning: Glyph 23610 (\N{CJK UNIFIED IDEOGRAPH-5C3A}) missing from font(s) DejaVu Sans.
    func(*args)

tests/test_phase6_t03_piece_dimensions.py: 2 warnings
tests/test_phase6_t06_receiving_fresh_family.py: 2 warnings
tests/test_phase6_project_file.py: 10 warnings
  /usr/lib/python3.13/tkinter/__init__.py:865: UserWarning: Glyph 23544 (\N{CJK UNIFIED IDEOGRAPH-5BF8}) missing from font(s) DejaVu Sans.
    func(*args)

tests/test_phase6_t03_piece_dimensions.py::test_real_two_piece_settings_page_shows_per_piece_formed_outer_and_material_dimensions
  /usr/lib/python3.13/tkinter/__init__.py:865: UserWarning: Glyph 28961 (\N{CJK UNIFIED IDEOGRAPH-7121}) missing from font(s) DejaVu Sans.
    func(*args)

tests/test_phase6_t03_piece_dimensions.py: 1 warning
tests/test_phase6_t06_receiving_fresh_family.py: 2 warnings
tests/test_phase6_project_file.py: 10 warnings
  /usr/lib/python3.13/tkinter/__init__.py:865: UserWarning: Glyph 23637 (\N{CJK UNIFIED IDEOGRAPH-5C55}) missing from font(s) DejaVu Sans.
    func(*args)

tests/test_phase6_t03_piece_dimensions.py: 1 warning
tests/test_phase6_t06_receiving_fresh_family.py: 2 warnings
tests/test_phase6_project_file.py: 10 warnings
  /usr/lib/python3.13/tkinter/__init__.py:865: UserWarning: Glyph 38283 (\N{CJK UNIFIED IDEOGRAPH-958B}) missing from font(s) DejaVu Sans.
    func(*args)

tests/test_phase6_t03_piece_dimensions.py::test_real_two_piece_settings_page_shows_per_piece_formed_outer_and_material_dimensions
tests/test_phase6_project_file.py::test_real_designer_load_button_replaces_workspace_from_p6fold
tests/test_phase6_project_file.py::test_real_main_gui_load_restores_workspace_and_opens_saved_part
  /usr/lib/python3.13/tkinter/__init__.py:865: UserWarning: Glyph 26009 (\N{CJK UNIFIED IDEOGRAPH-6599}) missing from font(s) DejaVu Sans.
    func(*args)

tests/test_phase6_t03_piece_dimensions.py::test_real_two_piece_settings_page_shows_per_piece_formed_outer_and_material_dimensions
tests/test_phase6_project_file.py::test_real_designer_load_button_replaces_workspace_from_p6fold
tests/test_phase6_project_file.py::test_real_main_gui_load_restores_workspace_and_opens_saved_part
  /usr/lib/python3.13/tkinter/__init__.py:865: UserWarning: Glyph 21491 (\N{CJK UNIFIED IDEOGRAPH-53F3}) missing from font(s) DejaVu Sans.
    func(*args)

tests/test_phase6_t03_piece_dimensions.py::test_real_two_piece_settings_page_shows_per_piece_formed_outer_and_material_dimensions
tests/test_phase6_project_file.py::test_real_designer_load_button_replaces_workspace_from_p6fold
tests/test_phase6_project_file.py::test_real_main_gui_load_restores_workspace_and_opens_saved_part
  /usr/lib/python3.13/tkinter/__init__.py:865: UserWarning: Glyph 19979 (\N{CJK UNIFIED IDEOGRAPH-4E0B}) missing from font(s) DejaVu Sans.
    func(*args)

tests/test_phase6_t03_piece_dimensions.py::test_real_two_piece_settings_page_shows_per_piece_formed_outer_and_material_dimensions
tests/test_phase6_project_file.py::test_real_designer_load_button_replaces_workspace_from_p6fold
tests/test_phase6_project_file.py::test_real_main_gui_load_restores_workspace_and_opens_saved_part
  /usr/lib/python3.13/tkinter/__init__.py:865: UserWarning: Glyph 19978 (\N{CJK UNIFIED IDEOGRAPH-4E0A}) missing from font(s) DejaVu Sans.
    func(*args)

tests/test_phase6_t03_piece_dimensions.py::test_real_two_piece_settings_page_shows_per_piece_formed_outer_and_material_dimensions
tests/test_phase6_t06_receiving_fresh_family.py::test_fold_designer_fresh_receiving_switch_materializes_wrap_overlay_graph
tests/test_phase6_project_file.py::test_real_designer_load_button_replaces_workspace_from_p6fold
tests/test_phase6_project_file.py::test_real_main_gui_load_restores_workspace_and_opens_saved_part
  /usr/lib/python3.13/tkinter/__init__.py:865: UserWarning: Glyph 65307 (\N{FULLWIDTH SEMICOLON}) missing from font(s) DejaVu Sans.
    func(*args)

tests/test_phase6_t03_piece_dimensions.py::test_real_two_piece_settings_page_shows_per_piece_formed_outer_and_material_dimensions
tests/test_phase6_project_file.py::test_real_designer_load_button_replaces_workspace_from_p6fold
tests/test_phase6_project_file.py::test_real_main_gui_load_restores_workspace_and_opens_saved_part
  /usr/lib/python3.13/tkinter/__init__.py:865: UserWarning: Glyph 24038 (\N{CJK UNIFIED IDEOGRAPH-5DE6}) missing from font(s) DejaVu Sans.
    func(*args)

tests/test_phase6_t06_receiving_fresh_family.py: 2 warnings
tests/test_phase6_project_file.py: 8 warnings
  /usr/lib/python3.13/tkinter/__init__.py:865: UserWarning: Glyph 32068 (\N{CJK UNIFIED IDEOGRAPH-7D44}) missing from font(s) DejaVu Sans.
    func(*args)

tests/test_phase6_t06_receiving_fresh_family.py: 2 warnings
tests/test_phase6_project_file.py: 8 warnings
  /usr/lib/python3.13/tkinter/__init__.py:865: UserWarning: Glyph 21512 (\N{CJK UNIFIED IDEOGRAPH-5408}) missing from font(s) DejaVu Sans.
    func(*args)

tests/test_phase6_t06_receiving_fresh_family.py: 2 warnings
tests/test_phase6_project_file.py: 8 warnings
  /usr/lib/python3.13/tkinter/__init__.py:865: UserWarning: Glyph 39636 (\N{CJK UNIFIED IDEOGRAPH-9AD4}) missing from font(s) DejaVu Sans.
    func(*args)

tests/test_phase6_t06_receiving_fresh_family.py: 2 warnings
tests/test_phase6_project_file.py: 8 warnings
  /usr/lib/python3.13/tkinter/__init__.py:865: UserWarning: Glyph 24178 (\N{CJK UNIFIED IDEOGRAPH-5E72}) missing from font(s) DejaVu Sans.
    func(*args)

tests/test_phase6_t06_receiving_fresh_family.py: 2 warnings
tests/test_phase6_project_file.py: 8 warnings
  /usr/lib/python3.13/tkinter/__init__.py:865: UserWarning: Glyph 28041 (\N{CJK UNIFIED IDEOGRAPH-6D89}) missing from font(s) DejaVu Sans.
    func(*args)

tests/test_phase6_t06_receiving_fresh_family.py: 2 warnings
tests/test_phase6_project_file.py: 8 warnings
  /usr/lib/python3.13/tkinter/__init__.py:865: UserWarning: Glyph 30896 (\N{CJK UNIFIED IDEOGRAPH-78B0}) missing from font(s) DejaVu Sans.
    func(*args)

tests/test_phase6_t06_receiving_fresh_family.py: 2 warnings
tests/test_phase6_project_file.py: 8 warnings
  /usr/lib/python3.13/tkinter/__init__.py:865: UserWarning: Glyph 25758 (\N{CJK UNIFIED IDEOGRAPH-649E}) missing from font(s) DejaVu Sans.
    func(*args)

tests/test_phase6_t06_receiving_fresh_family.py: 2 warnings
tests/test_phase6_project_file.py: 8 warnings
  /usr/lib/python3.13/tkinter/__init__.py:865: UserWarning: Glyph 21312 (\N{CJK UNIFIED IDEOGRAPH-5340}) missing from font(s) DejaVu Sans.
    func(*args)

tests/test_phase6_t06_receiving_fresh_family.py: 2 warnings
tests/test_phase6_project_file.py: 8 warnings
  /usr/lib/python3.13/tkinter/__init__.py:865: UserWarning: Glyph 27573 (\N{CJK UNIFIED IDEOGRAPH-6BB5}) missing from font(s) DejaVu Sans.
    func(*args)

tests/test_phase6_t06_receiving_fresh_family.py: 2 warnings
tests/test_phase6_project_file.py: 8 warnings
  /usr/lib/python3.13/tkinter/__init__.py:865: UserWarning: Glyph 20132 (\N{CJK UNIFIED IDEOGRAPH-4EA4}) missing from font(s) DejaVu Sans.
    func(*args)

tests/test_phase6_t06_receiving_fresh_family.py: 2 warnings
tests/test_phase6_project_file.py: 8 warnings
  /usr/lib/python3.13/tkinter/__init__.py:865: UserWarning: Glyph 32218 (\N{CJK UNIFIED IDEOGRAPH-7DDA}) missing from font(s) DejaVu Sans.
    func(*args)

tests/test_phase6_t06_receiving_fresh_family.py: 2 warnings
tests/test_phase6_project_file.py: 8 warnings
  /usr/lib/python3.13/tkinter/__init__.py:865: UserWarning: Glyph 31665 (\N{CJK UNIFIED IDEOGRAPH-7BB1}) missing from font(s) DejaVu Sans.
    func(*args)

tests/test_phase6_t06_receiving_fresh_family.py: 2 warnings
tests/test_phase6_project_file.py: 8 warnings
  /usr/lib/python3.13/tkinter/__init__.py:865: UserWarning: Glyph 36523 (\N{CJK UNIFIED IDEOGRAPH-8EAB}) missing from font(s) DejaVu Sans.
    func(*args)

tests/test_phase6_t06_receiving_fresh_family.py: 2 warnings
tests/test_phase6_project_file.py: 8 warnings
  /usr/lib/python3.13/tkinter/__init__.py:865: UserWarning: Glyph 23553 (\N{CJK UNIFIED IDEOGRAPH-5C01}) missing from font(s) DejaVu Sans.
    func(*args)

tests/test_phase6_t06_receiving_fresh_family.py: 2 warnings
tests/test_phase6_project_file.py: 8 warnings
  /usr/lib/python3.13/tkinter/__init__.py:865: UserWarning: Glyph 38957 (\N{CJK UNIFIED IDEOGRAPH-982D}) missing from font(s) DejaVu Sans.
    func(*args)

tests/test_phase6_t06_receiving_fresh_family.py: 2 warnings
tests/test_phase6_project_file.py: 8 warnings
  /usr/lib/python3.13/tkinter/__init__.py:865: UserWarning: Glyph 23614 (\N{CJK UNIFIED IDEOGRAPH-5C3E}) missing from font(s) DejaVu Sans.
    func(*args)

tests/test_phase6_t06_receiving_fresh_family.py: 2 warnings
tests/test_phase6_project_file.py: 8 warnings
  /usr/lib/python3.13/tkinter/__init__.py:865: UserWarning: Glyph 38272 (\N{CJK UNIFIED IDEOGRAPH-9580}) missing from font(s) DejaVu Sans.
    func(*args)

tests/test_phase6_t06_receiving_fresh_family.py: 2 warnings
tests/test_phase6_project_file.py: 8 warnings
  /usr/lib/python3.13/tkinter/__init__.py:865: UserWarning: Glyph 24213 (\N{CJK UNIFIED IDEOGRAPH-5E95}) missing from font(s) DejaVu Sans.
    func(*args)

tests/test_phase6_t06_receiving_fresh_family.py: 2 warnings
tests/test_phase6_project_file.py: 8 warnings
  /usr/lib/python3.13/tkinter/__init__.py:865: UserWarning: Glyph 26495 (\N{CJK UNIFIED IDEOGRAPH-677F}) missing from font(s) DejaVu Sans.
    func(*args)

-- Docs: https://docs.pytest.org/en/stable/how-to/capture-warnings.html
61 passed, 310 warnings in 14.66s
