============================= test session starts ==============================
platform linux -- Python 3.13.5, pytest-9.0.2, pluggy-1.6.0 -- /opt/pyvenv/bin/python3
cachedir: .pytest_cache
metadata: {'Python': '3.13.5', 'Platform': 'Linux-6.18.35-x86_64-with-glibc2.41', 'Packages': {'pytest': '9.0.2', 'pluggy': '1.6.0'}, 'Plugins': {'anyio': '4.13.0', 'ddtrace': '4.4.0', 'Faker': '40.1.2', 'asyncio': '1.3.0', 'cov': '7.0.0', 'json-report': '1.5.0', 'metadata': '3.1.1'}, 'PLATFORM': 'linux/amd64', 'CI': 'true'}
rootdir: /mnt/data/phase6_exec
configfile: pytest.ini
plugins: anyio-4.13.0, ddtrace-4.4.0, Faker-40.1.2, asyncio-1.3.0, cov-7.0.0, json-report-1.5.0, metadata-3.1.1
asyncio: mode=Mode.STRICT, debug=False, asyncio_default_fixture_loop_scope=None, asyncio_default_test_loop_scope=function
collecting ... collected 1 item

tests/test_phase6_receiving_projection_regression.py::test_receiving_default_layout_materializes_two_door_parts PASSED [100%]

=============================== warnings summary ===============================
tests/test_phase6_receiving_projection_regression.py::test_receiving_default_layout_materializes_two_door_parts
  /usr/lib/python3.13/tkinter/__init__.py:865: UserWarning: Glyph 32068 (\N{CJK UNIFIED IDEOGRAPH-7D44}) missing from font(s) DejaVu Sans.
    func(*args)

tests/test_phase6_receiving_projection_regression.py::test_receiving_default_layout_materializes_two_door_parts
  /usr/lib/python3.13/tkinter/__init__.py:865: UserWarning: Glyph 21512 (\N{CJK UNIFIED IDEOGRAPH-5408}) missing from font(s) DejaVu Sans.
    func(*args)

tests/test_phase6_receiving_projection_regression.py::test_receiving_default_layout_materializes_two_door_parts
  /usr/lib/python3.13/tkinter/__init__.py:865: UserWarning: Glyph 39636 (\N{CJK UNIFIED IDEOGRAPH-9AD4}) missing from font(s) DejaVu Sans.
    func(*args)

tests/test_phase6_receiving_projection_regression.py::test_receiving_default_layout_materializes_two_door_parts
  /usr/lib/python3.13/tkinter/__init__.py:865: UserWarning: Glyph 65306 (\N{FULLWIDTH COLON}) missing from font(s) DejaVu Sans.
    func(*args)

tests/test_phase6_receiving_projection_regression.py::test_receiving_default_layout_materializes_two_door_parts
  /usr/lib/python3.13/tkinter/__init__.py:865: UserWarning: Glyph 24178 (\N{CJK UNIFIED IDEOGRAPH-5E72}) missing from font(s) DejaVu Sans.
    func(*args)

tests/test_phase6_receiving_projection_regression.py::test_receiving_default_layout_materializes_two_door_parts
  /usr/lib/python3.13/tkinter/__init__.py:865: UserWarning: Glyph 28041 (\N{CJK UNIFIED IDEOGRAPH-6D89}) missing from font(s) DejaVu Sans.
    func(*args)

tests/test_phase6_receiving_projection_regression.py::test_receiving_default_layout_materializes_two_door_parts
  /usr/lib/python3.13/tkinter/__init__.py:865: UserWarning: Glyph 30896 (\N{CJK UNIFIED IDEOGRAPH-78B0}) missing from font(s) DejaVu Sans.
    func(*args)

tests/test_phase6_receiving_projection_regression.py::test_receiving_default_layout_materializes_two_door_parts
  /usr/lib/python3.13/tkinter/__init__.py:865: UserWarning: Glyph 25758 (\N{CJK UNIFIED IDEOGRAPH-649E}) missing from font(s) DejaVu Sans.
    func(*args)

tests/test_phase6_receiving_projection_regression.py::test_receiving_default_layout_materializes_two_door_parts
  /usr/lib/python3.13/tkinter/__init__.py:865: UserWarning: Glyph 21312 (\N{CJK UNIFIED IDEOGRAPH-5340}) missing from font(s) DejaVu Sans.
    func(*args)

tests/test_phase6_receiving_projection_regression.py::test_receiving_default_layout_materializes_two_door_parts
  /usr/lib/python3.13/tkinter/__init__.py:865: UserWarning: Glyph 27573 (\N{CJK UNIFIED IDEOGRAPH-6BB5}) missing from font(s) DejaVu Sans.
    func(*args)

tests/test_phase6_receiving_projection_regression.py::test_receiving_default_layout_materializes_two_door_parts
  /usr/lib/python3.13/tkinter/__init__.py:865: UserWarning: Glyph 20132 (\N{CJK UNIFIED IDEOGRAPH-4EA4}) missing from font(s) DejaVu Sans.
    func(*args)

tests/test_phase6_receiving_projection_regression.py::test_receiving_default_layout_materializes_two_door_parts
  /usr/lib/python3.13/tkinter/__init__.py:865: UserWarning: Glyph 32218 (\N{CJK UNIFIED IDEOGRAPH-7DDA}) missing from font(s) DejaVu Sans.
    func(*args)

tests/test_phase6_receiving_projection_regression.py::test_receiving_default_layout_materializes_two_door_parts
  /usr/lib/python3.13/tkinter/__init__.py:865: UserWarning: Glyph 23637 (\N{CJK UNIFIED IDEOGRAPH-5C55}) missing from font(s) DejaVu Sans.
    func(*args)

tests/test_phase6_receiving_projection_regression.py::test_receiving_default_layout_materializes_two_door_parts
  /usr/lib/python3.13/tkinter/__init__.py:865: UserWarning: Glyph 38283 (\N{CJK UNIFIED IDEOGRAPH-958B}) missing from font(s) DejaVu Sans.
    func(*args)

tests/test_phase6_receiving_projection_regression.py::test_receiving_default_layout_materializes_two_door_parts
  /usr/lib/python3.13/tkinter/__init__.py:865: UserWarning: Glyph 23610 (\N{CJK UNIFIED IDEOGRAPH-5C3A}) missing from font(s) DejaVu Sans.
    func(*args)

tests/test_phase6_receiving_projection_regression.py::test_receiving_default_layout_materializes_two_door_parts
  /usr/lib/python3.13/tkinter/__init__.py:865: UserWarning: Glyph 23544 (\N{CJK UNIFIED IDEOGRAPH-5BF8}) missing from font(s) DejaVu Sans.
    func(*args)

tests/test_phase6_receiving_projection_regression.py::test_receiving_default_layout_materializes_two_door_parts
  /usr/lib/python3.13/tkinter/__init__.py:865: UserWarning: Glyph 31665 (\N{CJK UNIFIED IDEOGRAPH-7BB1}) missing from font(s) DejaVu Sans.
    func(*args)

tests/test_phase6_receiving_projection_regression.py::test_receiving_default_layout_materializes_two_door_parts
  /usr/lib/python3.13/tkinter/__init__.py:865: UserWarning: Glyph 36523 (\N{CJK UNIFIED IDEOGRAPH-8EAB}) missing from font(s) DejaVu Sans.
    func(*args)

tests/test_phase6_receiving_projection_regression.py::test_receiving_default_layout_materializes_two_door_parts
  /usr/lib/python3.13/tkinter/__init__.py:865: UserWarning: Glyph 23553 (\N{CJK UNIFIED IDEOGRAPH-5C01}) missing from font(s) DejaVu Sans.
    func(*args)

tests/test_phase6_receiving_projection_regression.py::test_receiving_default_layout_materializes_two_door_parts
  /usr/lib/python3.13/tkinter/__init__.py:865: UserWarning: Glyph 38957 (\N{CJK UNIFIED IDEOGRAPH-982D}) missing from font(s) DejaVu Sans.
    func(*args)

tests/test_phase6_receiving_projection_regression.py::test_receiving_default_layout_materializes_two_door_parts
  /usr/lib/python3.13/tkinter/__init__.py:865: UserWarning: Glyph 23614 (\N{CJK UNIFIED IDEOGRAPH-5C3E}) missing from font(s) DejaVu Sans.
    func(*args)

tests/test_phase6_receiving_projection_regression.py::test_receiving_default_layout_materializes_two_door_parts
  /usr/lib/python3.13/tkinter/__init__.py:865: UserWarning: Glyph 38272 (\N{CJK UNIFIED IDEOGRAPH-9580}) missing from font(s) DejaVu Sans.
    func(*args)

tests/test_phase6_receiving_projection_regression.py::test_receiving_default_layout_materializes_two_door_parts
  /usr/lib/python3.13/tkinter/__init__.py:865: UserWarning: Glyph 24213 (\N{CJK UNIFIED IDEOGRAPH-5E95}) missing from font(s) DejaVu Sans.
    func(*args)

tests/test_phase6_receiving_projection_regression.py::test_receiving_default_layout_materializes_two_door_parts
tests/test_phase6_receiving_projection_regression.py::test_receiving_default_layout_materializes_two_door_parts
  /usr/lib/python3.13/tkinter/__init__.py:865: UserWarning: Glyph 26495 (\N{CJK UNIFIED IDEOGRAPH-677F}) missing from font(s) DejaVu Sans.
    func(*args)

tests/test_phase6_receiving_projection_regression.py::test_receiving_default_layout_materializes_two_door_parts
  /usr/lib/python3.13/tkinter/__init__.py:865: UserWarning: Glyph 36617 (\N{CJK UNIFIED IDEOGRAPH-8F09}) missing from font(s) DejaVu Sans.
    func(*args)

tests/test_phase6_receiving_projection_regression.py::test_receiving_default_layout_materializes_two_door_parts
  /usr/lib/python3.13/tkinter/__init__.py:865: UserWarning: Glyph 20837 (\N{CJK UNIFIED IDEOGRAPH-5165}) missing from font(s) DejaVu Sans.
    func(*args)

tests/test_phase6_receiving_projection_regression.py::test_receiving_default_layout_materializes_two_door_parts
  /usr/lib/python3.13/tkinter/__init__.py:865: UserWarning: Glyph 22833 (\N{CJK UNIFIED IDEOGRAPH-5931}) missing from font(s) DejaVu Sans.
    func(*args)

tests/test_phase6_receiving_projection_regression.py::test_receiving_default_layout_materializes_two_door_parts
  /usr/lib/python3.13/tkinter/__init__.py:865: UserWarning: Glyph 25943 (\N{CJK UNIFIED IDEOGRAPH-6557}) missing from font(s) DejaVu Sans.
    func(*args)

tests/test_phase6_receiving_projection_regression.py::test_receiving_default_layout_materializes_two_door_parts
  /usr/lib/python3.13/tkinter/__init__.py:865: UserWarning: Glyph 26410 (\N{CJK UNIFIED IDEOGRAPH-672A}) missing from font(s) DejaVu Sans.
    func(*args)

tests/test_phase6_receiving_projection_regression.py::test_receiving_default_layout_materializes_two_door_parts
  /usr/lib/python3.13/tkinter/__init__.py:865: UserWarning: Glyph 30693 (\N{CJK UNIFIED IDEOGRAPH-77E5}) missing from font(s) DejaVu Sans.
    func(*args)

tests/test_phase6_receiving_projection_regression.py::test_receiving_default_layout_materializes_two_door_parts
  /usr/lib/python3.13/tkinter/__init__.py:865: UserWarning: Glyph 20214 (\N{CJK UNIFIED IDEOGRAPH-4EF6}) missing from font(s) DejaVu Sans.
    func(*args)

-- Docs: https://docs.pytest.org/en/stable/how-to/capture-warnings.html
======================== 1 passed, 32 warnings in 2.02s ========================
